boot {'gl': 'ANGLE (Apple, ANGLE Metal Renderer: Apple M5 Pro, Unspecified Version)'}
sculptures 66
00 arrivals clean 300 frames 32s
01 great wave clean 270 frames 29s
02 floor mountain clean 300 frames 56s
03 sculpture rows clean 270 frames 36s
04 factory clean 240 frames 28s
05 brain clean 270 frames 37s
06 lighthouse clean 330 frames 30s
07 vault clean 240 frames 28s
08 open metaverse portal clean 210 frames 21s
09 wagmi wheel clean 300 frames 41s
10 survive bunker clean 270 frames 37s
11 bank clean 240 frames 25s
12 summer.jpg clean 240 frames 35s
13 census walk clean 270 frames 28s
14 bodega clean 180 frames 28s
15 gm beach clean 240 frames 32s
16 colossus clean 300 frames 24s
17 aerial clean 420 frames 61s
18 harbour night clean 270 frames 31s
