boot {'gl': 'ANGLE (Apple, ANGLE Metal Renderer: Apple M5 Pro, Unspecified Version)'}
sculptures 66
00 arrivals 300 frames 38s
01 great wave 270 frames 29s
02 floor mountain 300 frames 57s
03 sculpture rows 270 frames 47s
04 factory 240 frames 32s
05 brain 270 frames 36s
06 lighthouse 330 frames 28s
07 vault 240 frames 27s
08 open metaverse portal 210 frames 20s
09 wagmi wheel 300 frames 40s
10 survive bunker 270 frames 36s
11 bank 240 frames 25s
12 summer.jpg 240 frames 41s
13 census walk 270 frames 40s
14 bodega 180 frames 28s
15 gm beach 240 frames 32s
16 colossus 300 frames 24s
17 aerial 420 frames 61s
18 harbour night 270 frames 30s
wrote /Users/degens/Desktop/NEW YORKERS BY MLOW/MEME ISLAND 2026-10-07/_build/../DELIVERABLES/film/meme_island_film_video.mp4 337059 KB
wrote /Users/degens/Desktop/NEW YORKERS BY MLOW/MEME ISLAND 2026-10-07/_build/../DELIVERABLES/film/meme_island_film.mp4 341444 KB
done
