ok wave "THE GREAT WAVE" 2208 KB
ok pepe "FEELS BAD MAN" 1969 KB
ok monalisa "MONA LISA" 1532 KB
ok mj "THRILLER" 1568 KB
ok rick "NEVER GONNA GIVE YOU UP" 1635 KB
ok grumpy "NO." 2344 KB
ok spongebob "mOcKiNg SpOnGeBoB" 1827 KB
ok flame "ETERNAL FLAME" 2562 KB
ok nyan "NYAN" 2257 KB
ok kermit "BUT THAT'S NONE OF MY BUSINESS" 1556 KB
ok wojak "WOJAK" 1389 KB
ok doge "MUCH WOW" 1624 KB
ok drake "NAH / YEAH" 1819 KB
ok pikachu "PIKA" 1620 KB
ok thisisfine "THIS IS FINE" 2014 KB
ok brain "GALAXY BRAIN" 1811 KB
ok spiderman "POINTING SPIDER-MAN" 1870 KB
ok sweat "SWEATING" 2002 KB
ok harold "HIDE THE PAIN" 2204 KB
ok tableflip (ノ°□°)ノ︵ ┻━┻ 1798 KB
ok 054776c9 "GMGM" 3080 KB
ok 054ee5a4 "DO ELECTRIC SHEEP DREAM OF MEMES?" 4365 KB
ok 05df08bc "UNTITLED" 3230 KB
ok 12377bed "CHILL N' FREE" 2001 KB
ok 15f079c5 "NOT DED" 1643 KB
ok 181b924d "UNTITLED" 2813 KB
ok 25ada146 "UNTITLED" 2965 KB
ok 2b890847 "UNTITLED" 2131 KB
ok 2bb7dfc0 "UNTITLED" 2064 KB
ok 32783dde "OMBUIDLING" 1902 KB
ok 36535ac8 "UNTITLED" 2708 KB
ok 3b320cf6 "UNTITLED" 1882 KB
ok 4476f5fb "SGT. PEPE" 2092 KB
ok 4d9c32fe "UNTITLED" 2690 KB
ok 4ddeb828 "UNTITLED" 2077 KB
ok 50ac08e4 "UNTITLED" 2612 KB
ok 5112916a "IRRESISTIBLE, SAVOURY, DELICIOUS.." 2025 KB
ok 54b2b866 "TO THOSE I LOVED" 2491 KB
ok 5eec94e8 "UNTITLED" 3025 KB
ok 66a51b6d "UNTITLED" 2792 KB
ok 69275ee9 "BRAIN IS YOURS TO CONTROL" 1797 KB
ok 7073b620 "MEET SUMMER GLASSES" 1562 KB
ok 7f1254ca "UNTITLED" 1963 KB
ok 84494416 "OPEN ROADS, OPEN METAVERSE" 2553 KB
ok 85f9df0b "SAVE THE FUTURE" 2500 KB
ok 87f47fb0 "UNTITLED" 1932 KB
ok 8dd41da0 "EN ROUTE TO THE BULL" 2628 KB
ok 925f0aeb "MEME CITY" 3764 KB
ok 9e713e34 "UNTITLED" 3678 KB
ok a045df4e "UNTITLED" 1985 KB
ok a419534e "UNTITLED" 1859 KB
ok a7308638 "UNTITLED" 971 KB
ok a7abe58e "HIDE" 435 KB
ok a823b470 "MEET SUMMER GLASSES" 1629 KB
ok b03eff56 "HARDWARE WALLET AND MUG" 1880 KB
ok b0604d9e "UNTITLED" 1502 KB
ok b5423235 "THE SOCIALLY UMPIRED ANIMALS" 939 KB
ok b579b03b "OPEN ROADS, OPEN METAVERSE" 2719 KB
ok bcda88c2 "FTXPEPE" 1988 KB
ok c60286ec "VIVA SATOSHI" 2099 KB
ok c7460c43 "GM INDONESIA" 2133 KB
ok cdbf9c06 "UNTITLED" 3758 KB
ok e0103be3 "UNTITLED" 1544 KB
ok e532743c "SEIZEJPGS" 1986 KB
ok e9690295 "ALLEGORY OF A CYCLE" 2115 KB
ok fcaf960b "GMGN" 1787 KB
DONE 66 sculptures 138 MB
