ok wave "THE GREAT WAVE" 996 KB
ok pepe "FEELS BAD MAN" 951 KB
ok monalisa "MONA LISA" 728 KB
ok mj "THRILLER" 747 KB
ok rick "NEVER GONNA GIVE YOU UP" 793 KB
ok grumpy "NO." 895 KB
ok spongebob "mOcKiNg SpOnGeBoB" 863 KB
ok flame "ETERNAL FLAME" 1133 KB
ok nyan "NYAN" 1115 KB
ok kermit "BUT THAT'S NONE OF MY BUSINESS" 769 KB
ok wojak "WOJAK" 683 KB
ok doge "MUCH WOW" 751 KB
ok drake "NAH / YEAH" 917 KB
ok pikachu "PIKA" 778 KB
ok thisisfine "THIS IS FINE" 953 KB
ok brain "GALAXY BRAIN" 806 KB
ok spiderman "POINTING SPIDER-MAN" 877 KB
ok sweat "SWEATING" 941 KB
ok harold "HIDE THE PAIN" 1033 KB
ok tableflip (ノ°□°)ノ︵ ┻━┻ 842 KB
ok 054776c9 "GMGM" 1372 KB
ok 054ee5a4 "DO ELECTRIC SHEEP DREAM OF MEMES?" 1923 KB
ok 05df08bc "UNTITLED" 1311 KB
ok 12377bed "CHILL N' FREE" 906 KB
ok 15f079c5 "NOT DED" 749 KB
ok 181b924d "UNTITLED" 1169 KB
ok 25ada146 "UNTITLED" 1518 KB
ok 2b890847 "UNTITLED" 834 KB
ok 2bb7dfc0 "UNTITLED" 961 KB
ok 32783dde "OMBUIDLING" 827 KB
ok 36535ac8 "UNTITLED" 1151 KB
ok 3b320cf6 "UNTITLED" 875 KB
ok 4476f5fb "SGT. PEPE" 962 KB
ok 4d9c32fe "UNTITLED" 1048 KB
ok 4ddeb828 "UNTITLED" 981 KB
ok 50ac08e4 "UNTITLED" 1037 KB
ok 5112916a "IRRESISTIBLE, SAVOURY, DELICIOUS.." 923 KB
ok 54b2b866 "TO THOSE I LOVED" 1135 KB
ok 5eec94e8 "UNTITLED" 1127 KB
ok 66a51b6d "UNTITLED" 1217 KB
ok 69275ee9 "BRAIN IS YOURS TO CONTROL" 850 KB
ok 7073b620 "MEET SUMMER GLASSES" 749 KB
ok 7f1254ca "UNTITLED" 918 KB
ok 84494416 "OPEN ROADS, OPEN METAVERSE" 1150 KB
ok 85f9df0b "SAVE THE FUTURE" 1106 KB
ok 87f47fb0 "UNTITLED" 911 KB
ok 8dd41da0 "EN ROUTE TO THE BULL" 1197 KB
ok 925f0aeb "MEME CITY" 1555 KB
ok 9e713e34 "UNTITLED" 1395 KB
ok a045df4e "UNTITLED" 929 KB
ok a419534e "UNTITLED" 863 KB
ok a7308638 "UNTITLED" 604 KB
ok a7abe58e "HIDE" 225 KB
ok a823b470 "MEET SUMMER GLASSES" 793 KB
ok b03eff56 "HARDWARE WALLET AND MUG" 829 KB
ok b0604d9e "UNTITLED" 716 KB
ok b5423235 "THE SOCIALLY UMPIRED ANIMALS" 436 KB
ok b579b03b "OPEN ROADS, OPEN METAVERSE" 1219 KB
ok bcda88c2 "FTXPEPE" 948 KB
ok c60286ec "VIVA SATOSHI" 986 KB
ok c7460c43 "GM INDONESIA" 937 KB
ok cdbf9c06 "UNTITLED" 1520 KB
ok e0103be3 "UNTITLED" 697 KB
ok e532743c "SEIZEJPGS" 923 KB
ok e9690295 "ALLEGORY OF A CYCLE" 992 KB
ok fcaf960b "GMGN" 740 KB
DONE 66 sculptures 62 MB
