boot {'gl': 'ANGLE (Apple, ANGLE Metal Renderer: Apple M5 Pro, Unspecified Version)'}
sculptures loaded 66
01_arrivals 16.7 s
02_great_wave 9.4 s
03_floor_mountain 15.8 s
04_sculpture_rows 15.3 s
05_factory_seize 9.5 s
06_brain 11.0 s
07_lighthouse 6.5 s
08_vault 6.3 s
09_open_metaverse_portal 6.2 s
10_wagmi_wheel 10.2 s
11_survive_bunker 4.9 s
12_survive_row 15.6 s
13_bank 9.2 s
14_summer_jpg 22.3 s
15_census_walk 5.4 s
16_bodega 9.1 s
17_gm_beach_dawn 11.4 s
18_colossus 4.5 s
19_aerial_golden 8.4 s
20_aerial_night 22.5 s
21_fireworks 3.3 s
22_harbor_fog 9.2 s
23_rain 5.9 s
24_snow 15.8 s
